// Jest Snapshot v1, https://goo.gl/fbAQLP

exports[`PokemonPage component should match with the snapshot 1`] = `
<main>
  <h1>Loading...</h1>
</main>
`;

exports[`PokemonPage component should match with the snapshot when pokemons is loaded 1`] = `
<main>
  <div>
    <h1>Who's that Pokemon?</h1>
    <pokemon-image-stub pokemonid="1" showpokemon="false"></pokemon-image-stub>
    <pokemon-options-stub pokemons="[object Object],[object Object],[object Object],[object Object]"></pokemon-options-stub>
    <!--v-if-->
  </div>
</main>
`;
